// Jest Snapshot v1, https://goo.gl/fbAQLP

exports[`Pages Routes (to be updated) DELETE should have a validation schema 1`] = `
Object {
  "properties": Object {
    "query": Object {
      "properties": Object {
        "sharedId": Object {
          "type": "string",
        },
      },
      "type": "object",
    },
  },
  "required": Array [
    "query",
  ],
  "type": "object",
}
`;

exports[`Pages Routes (to be updated) GET /api/pages should have a validation schema 1`] = `
Object {
  "properties": Object {
    "query": Object {
      "properties": Object {
        "sharedId": Object {
          "type": "string",
        },
      },
      "type": "object",
    },
  },
  "required": Array [
    "query",
  ],
  "type": "object",
}
`;
